============================================================
  FSRIMVC outline-v9 -- Module III: Cross-Client Completion
  Datasets : Augsburg MDAS MUUFL Salinas Trento XuZhou
  Seeds    : 0 1 2 3 4 5 6 7 8 9   missing: random@0.3 tau=0.5
  Epochs   : 300   ablation=A3
  Frozen   : beta=0.5 epsilon=0.1 alpha=0.0 dual balanced
             global_consensus=false reliability_adaptive_graph=false
  Arms     : B0 E0 G0 D0 C025 C050 C075 C100
  Lambdas  : 0.25 0.5 0.75 1.0   adapter_seed=20260922
  Diagnose : epochs 100 200 300  seed=100000
  GPUs     : 2 3 4 5 6 7 (requested 2 3 4 5 6 7, min free 10000 MiB)
  Training : 60 tasks x 8 arms = 480 arm records
  Output   : /home/ubuntu/Tangzl/FRSIMVC/FRSIMVC/FRSIMVC-code/results/completion_v1/batch_20260922_193907_452645837_1242264_v1
============================================================
  [gpu2] Augsburg seed=0 (attempt 1)
  [gpu3] MDAS seed=0 (attempt 1)
  [gpu4] MUUFL seed=0 (attempt 1)
  [gpu5] Salinas seed=0 (attempt 1)
  [gpu6] Trento seed=0 (attempt 1)
  [gpu7] XuZhou seed=0 (attempt 1)
  [gpu6] OK    Trento seed=0
  [gpu6] Trento seed=1 (attempt 1)
  [gpu2] OK    Augsburg seed=0
  [gpu2] Augsburg seed=1 (attempt 1)
  [gpu4] OK    MUUFL seed=0
  [gpu4] MUUFL seed=1 (attempt 1)
  [gpu6] OK    Trento seed=1
  [gpu6] Trento seed=2 (attempt 1)
  [gpu5] OK    Salinas seed=0
  [gpu5] Salinas seed=1 (attempt 1)
  [gpu2] OK    Augsburg seed=1
  [gpu2] Augsburg seed=2 (attempt 1)
  [gpu3] OK    MDAS seed=0
  [gpu3] MDAS seed=1 (attempt 1)
  [gpu4] OK    MUUFL seed=1
  [gpu4] MUUFL seed=2 (attempt 1)
  [gpu7] OK    XuZhou seed=0
  [gpu7] XuZhou seed=1 (attempt 1)
  [gpu6] OK    Trento seed=2
  [gpu6] Trento seed=3 (attempt 1)
  [gpu2] OK    Augsburg seed=2
  [gpu2] Augsburg seed=3 (attempt 1)
  [gpu6] OK    Trento seed=3
  [gpu6] Trento seed=4 (attempt 1)
  [gpu5] OK    Salinas seed=1
  [gpu5] Salinas seed=2 (attempt 1)
  [gpu4] OK    MUUFL seed=2
  [gpu4] MUUFL seed=3 (attempt 1)
  [gpu3] OK    MDAS seed=1
  [gpu3] MDAS seed=2 (attempt 1)
  [gpu6] OK    Trento seed=4
  [gpu6] Trento seed=5 (attempt 1)
  [gpu2] OK    Augsburg seed=3
  [gpu2] Augsburg seed=4 (attempt 1)
  [gpu7] OK    XuZhou seed=1
  [gpu7] XuZhou seed=2 (attempt 1)
  [gpu4] OK    MUUFL seed=3
  [gpu4] MUUFL seed=4 (attempt 1)
  [gpu6] OK    Trento seed=5
  [gpu6] Trento seed=6 (attempt 1)
  [gpu5] OK    Salinas seed=2
  [gpu5] Salinas seed=3 (attempt 1)
  [gpu2] OK    Augsburg seed=4
  [gpu2] Augsburg seed=5 (attempt 1)
  [gpu6] OK    Trento seed=6
  [gpu6] Trento seed=7 (attempt 1)
  [gpu3] OK    MDAS seed=2
  [gpu3] MDAS seed=3 (attempt 1)
  [gpu4] OK    MUUFL seed=4
  [gpu4] MUUFL seed=5 (attempt 1)
  [gpu2] OK    Augsburg seed=5
  [gpu2] Augsburg seed=6 (attempt 1)
  [gpu6] OK    Trento seed=7
  [gpu6] Trento seed=8 (attempt 1)
  [gpu7] OK    XuZhou seed=2
  [gpu7] XuZhou seed=3 (attempt 1)
  [gpu5] OK    Salinas seed=3
  [gpu5] Salinas seed=4 (attempt 1)
  [gpu4] OK    MUUFL seed=5
  [gpu4] MUUFL seed=6 (attempt 1)
  [gpu6] OK    Trento seed=8
  [gpu6] Trento seed=9 (attempt 1)
  [gpu2] OK    Augsburg seed=6
  [gpu2] Augsburg seed=7 (attempt 1)
  [gpu3] OK    MDAS seed=3
  [gpu3] MDAS seed=4 (attempt 1)
  [gpu6] OK    Trento seed=9
  [gpu4] OK    MUUFL seed=6
  [gpu4] MUUFL seed=7 (attempt 1)
  [gpu5] OK    Salinas seed=4
  [gpu5] Salinas seed=5 (attempt 1)
  [gpu2] OK    Augsburg seed=7
  [gpu2] Augsburg seed=8 (attempt 1)
  [gpu7] OK    XuZhou seed=3
  [gpu7] XuZhou seed=4 (attempt 1)
  [gpu3] OK    MDAS seed=4
  [gpu3] MDAS seed=5 (attempt 1)
  [gpu4] OK    MUUFL seed=7
  [gpu4] MUUFL seed=8 (attempt 1)
  [gpu2] OK    Augsburg seed=8
  [gpu2] Augsburg seed=9 (attempt 1)
  [gpu5] OK    Salinas seed=5
  [gpu5] Salinas seed=6 (attempt 1)
  [gpu4] OK    MUUFL seed=8
  [gpu4] MUUFL seed=9 (attempt 1)
  [gpu2] OK    Augsburg seed=9
  [gpu3] OK    MDAS seed=5
  [gpu3] MDAS seed=6 (attempt 1)
  [gpu7] OK    XuZhou seed=4
  [gpu7] XuZhou seed=5 (attempt 1)
  [gpu4] OK    MUUFL seed=9
  [gpu5] OK    Salinas seed=6
  [gpu5] Salinas seed=7 (attempt 1)
  [gpu3] OK    MDAS seed=6
  [gpu3] MDAS seed=7 (attempt 1)
  [gpu7] OK    XuZhou seed=5
  [gpu7] XuZhou seed=6 (attempt 1)
  [gpu5] OK    Salinas seed=7
  [gpu5] Salinas seed=8 (attempt 1)
  [gpu3] OK    MDAS seed=7
  [gpu3] MDAS seed=8 (attempt 1)
  [gpu5] OK    Salinas seed=8
  [gpu5] Salinas seed=9 (attempt 1)
  [gpu7] OK    XuZhou seed=6
  [gpu7] XuZhou seed=7 (attempt 1)
  [gpu3] OK    MDAS seed=8
  [gpu3] MDAS seed=9 (attempt 1)
  [gpu5] OK    Salinas seed=9
  [gpu7] OK    XuZhou seed=7
  [gpu7] XuZhou seed=8 (attempt 1)
  [gpu3] OK    MDAS seed=9
  [gpu7] OK    XuZhou seed=8
  [gpu7] XuZhou seed=9 (attempt 1)
  [gpu7] OK    XuZhou seed=9

============================================================
  Completeness audit
  training tasks: expected=60 completed=60 missing=0
============================================================

  Aggregating...
/home/ubuntu/miniconda3/envs/ICMVC/lib/python3.8/site-packages/scipy/stats/_morestats.py:3414: UserWarning: Exact p-value calculation does not work if there are zeros. Switching to normal approximation.
  warnings.warn("Exact p-value calculation does not work if there are "
/home/ubuntu/miniconda3/envs/ICMVC/lib/python3.8/site-packages/scipy/stats/_morestats.py:3428: UserWarning: Sample size too small for normal approximation.
  warnings.warn("Sample size too small for normal approximation.")
batch      : /home/ubuntu/Tangzl/FRSIMVC/FRSIMVC/FRSIMVC-code/results/completion_v1/batch_20260922_193907_452645837_1242264_v1
datasets   : 6  seeds: 10  arms: 8
records    : 480
# outline v9 -- Completion batch report

- batch: `/home/ubuntu/Tangzl/FRSIMVC/FRSIMVC/FRSIMVC-code/results/completion_v1/batch_20260922_193907_452645837_1242264_v1`
- datasets: 6, seeds: 10, arms: 8
- arm records: 480 (shared training trajectories, NOT independent runs)

## main table (best round, same-round companion metrics)

| dataset | arm | ACC | NMI | ARI | Kappa | PURITY | final ACC | tail30 ACC | median ACC | round std |
|---|---|---|---|---|---|---|---|---|---|---|
| Augsburg | B0 | 0.5469 | 0.1882 | 0.1662 | 0.3482 | 0.5626 | 0.4419 | 0.4501 | 0.4478 | 0.0379 |
| Augsburg | C025 | 0.4759 | 0.1476 | 0.0850 | 0.2752 | 0.5086 | 0.4259 | 0.4255 | 0.4103 | 0.0286 |
| Augsburg | C050 | 0.4939 | 0.1679 | 0.1092 | 0.3015 | 0.5320 | 0.4347 | 0.4383 | 0.4210 | 0.0317 |
| Augsburg | C075 | 0.5325 | 0.1926 | 0.1518 | 0.3316 | 0.5659 | 0.4551 | 0.4469 | 0.4291 | 0.0375 |
| Augsburg | C100 | 0.5553 | 0.2043 | 0.1847 | 0.3496 | 0.5818 | 0.4743 | 0.4735 | 0.4657 | 0.0428 |
| Augsburg | D0 | 0.5412 | 0.1991 | 0.1735 | 0.3501 | 0.5773 | 0.4691 | 0.4622 | 0.4516 | 0.0387 |
| Augsburg | E0 | 0.5412 | 0.1991 | 0.1735 | 0.3501 | 0.5773 | 0.4691 | 0.4622 | 0.4516 | 0.0387 |
| Augsburg | G0 | 0.4707 | 0.1510 | 0.0842 | 0.2732 | 0.5095 | 0.4208 | 0.4209 | 0.4065 | 0.0276 |

| MDAS | B0 | 0.3776 | 0.1711 | 0.1135 | 0.2318 | 0.4271 | 0.3183 | 0.3142 | 0.3080 | 0.0225 |
| MDAS | C025 | 0.3597 | 0.1270 | 0.0545 | 0.1357 | 0.4005 | 0.3162 | 0.3156 | 0.3083 | 0.0200 |
| MDAS | C050 | 0.3595 | 0.1351 | 0.0637 | 0.1488 | 0.4044 | 0.3154 | 0.3150 | 0.3068 | 0.0204 |
| MDAS | C075 | 0.3846 | 0.1681 | 0.1115 | 0.2202 | 0.4277 | 0.3204 | 0.3245 | 0.3195 | 0.0238 |
| MDAS | C100 | 0.3948 | 0.1584 | 0.1082 | 0.2060 | 0.4249 | 0.3222 | 0.3311 | 0.3314 | 0.0260 |
| MDAS | D0 | 0.3716 | 0.1672 | 0.1076 | 0.2170 | 0.4226 | 0.3041 | 0.3137 | 0.3116 | 0.0228 |
| MDAS | E0 | 0.3716 | 0.1672 | 0.1076 | 0.2170 | 0.4226 | 0.3041 | 0.3137 | 0.3116 | 0.0228 |
| MDAS | G0 | 0.3637 | 0.1335 | 0.0534 | 0.1394 | 0.4060 | 0.3228 | 0.3199 | 0.3121 | 0.0205 |

| MUUFL | B0 | 0.4070 | 0.1685 | 0.1481 | 0.2374 | 0.4332 | 0.3576 | 0.3501 | 0.3378 | 0.0312 |
| MUUFL | C025 | 0.3475 | 0.1121 | 0.0724 | 0.1533 | 0.3942 | 0.3090 | 0.3092 | 0.3040 | 0.0170 |
| MUUFL | C050 | 0.3710 | 0.1159 | 0.0985 | 0.1710 | 0.4023 | 0.3249 | 0.3247 | 0.3146 | 0.0223 |
| MUUFL | C075 | 0.4006 | 0.1406 | 0.1245 | 0.2121 | 0.4153 | 0.3461 | 0.3552 | 0.3425 | 0.0308 |
| MUUFL | C100 | 0.3997 | 0.1672 | 0.1379 | 0.2198 | 0.4284 | 0.3440 | 0.3512 | 0.3366 | 0.0292 |
| MUUFL | D0 | 0.4005 | 0.1631 | 0.1428 | 0.2293 | 0.4277 | 0.3432 | 0.3505 | 0.3381 | 0.0302 |
| MUUFL | E0 | 0.4005 | 0.1631 | 0.1428 | 0.2293 | 0.4277 | 0.3432 | 0.3505 | 0.3381 | 0.0302 |
| MUUFL | G0 | 0.3421 | 0.1143 | 0.0618 | 0.1478 | 0.3923 | 0.3090 | 0.3060 | 0.3034 | 0.0165 |

| Salinas | B0 | 0.4693 | 0.4805 | 0.3234 | 0.4136 | 0.4788 | 0.3944 | 0.4098 | 0.3646 | 0.0610 |
| Salinas | C025 | 0.4717 | 0.5191 | 0.3128 | 0.4215 | 0.4842 | 0.4281 | 0.4197 | 0.3600 | 0.0820 |
| Salinas | C050 | 0.4733 | 0.5108 | 0.3043 | 0.4235 | 0.4872 | 0.4322 | 0.4232 | 0.3759 | 0.0800 |
...
written: /home/ubuntu/Tangzl/FRSIMVC/FRSIMVC/FRSIMVC-code/results/completion_v1/batch_20260922_193907_452645837_1242264_v1/_analysis/report.md
  manifest status: completed

  Finished : 2026-09-22 21:38:20 +0800
  Batch    : /home/ubuntu/Tangzl/FRSIMVC/FRSIMVC/FRSIMVC-code/results/completion_v1/batch_20260922_193907_452645837_1242264_v1
  Log      : /home/ubuntu/Tangzl/FRSIMVC/FRSIMVC/FRSIMVC-code/results/completion_v1/batch_20260922_193907_452645837_1242264_v1/launch.out
